[33mΓ¥»[39m Checking your system
[33mΓ¥»[39m Checking package manager version
[32mΓ£ö[39m Found npm@10.9.2
[32mΓ£ö[39m Checking your system
[?25h[33mΓ¥»[39m Locating application
[32mΓ£ö[39m Locating application
[33mΓ¥»[39m Loading configuration
[32mΓ£ö[39m Loading configuration
[33mΓ¥»[39m Preparing native dependencies
[32mΓ£ö[39m Preparing native dependencies: 1 / 1
[33mΓ¥»[39m Running generateAssets hook
[32mΓ£ö[39m Running generateAssets hook
[33mΓ¥»[39m Running preStart hook
[33mΓ¥»[39m [plugin-vite] Preparing Vite bundles
[33mΓ¥»[39m Launching Vite dev servers for renderer process code...
[33mΓ¥»[39m Target main_window
ΓÇ║   Γ₧£  Local:   http://localhost:5173/  
Γ₧£  Network: use --host to expose
[32mΓ£ö[39m Target main_window
[32mΓ£ö[39m Launched Vite dev servers for renderer process code
[33mΓ¥»[39m Building main process and preload bundles...
[33mΓ¥»[39m Building src/main.ts target
node.exe : "chromium-bidi/lib/cjs/bidiMapper/BidiMapper" is imported by 
" chromium-bidi/lib/cjs/bidiMapper/BidiMapper?commonjs-external", but could 
not be resolved ΓÇô treating it as an external dependency.
At C:\Program Files\nodejs\npx.ps1:29 char:3
+   & $NODE_EXE $NPX_CLI_JS $args
+   ~~~~~~~~~~~~~~~~~~~~~~~~~~~~~
    + CategoryInfo          : NotSpecified: ("chromium-bidi/...nal dependency. 
   :String) [], RemoteException
    + FullyQualifiedErrorId : NativeCommandError
 
"chromium-bidi/lib/cjs/cdp/CdpConnection" is imported by 
" chromium-bidi/lib/cjs/cdp/CdpConnection?commonjs-external", but could not be 
resolved ΓÇô treating it as an external dependency.

<--- Last few GCs --->

[8720:000001A9545B3000]    79398 ms: Scavenge (interleaved) 4027.9 (4124.7) -> 
4027.5 (4126.0) MB, pooled: 0 MB, 27.26 / 0.00 ms  (average mu = 0.766, 
current mu = 0.351) allocation failure; 
[8720:000001A9545B3000]    79514 ms: Scavenge (interleaved) 4029.3 (4126.2) -> 
4029.2 (4148.7) MB, pooled: 0 MB, 104.69 / 0.00 ms  (average mu = 0.766, 
current mu = 0.351) allocation failure; 


<--- JS stacktrace --->

FATAL ERROR: Reached heap limit Allocation failed - JavaScript heap out of 
memory
----- Native stack trace -----

 1: 00007FF76DD7097D void __cdecl node::SetCppgcReference(class v8::Isolate * 
__ptr64,class v8::Local<class v8::Object>,void * __ptr64)+17261
 2: 00007FF76DCD8E08 SSL_get_quiet_shutdown+92312
 3: 00007FF76E858B21 private: void __cdecl 
v8::Isolate::ReportExternalAllocationLimitReached(void) __ptr64+65
 4: 00007FF76E845A06 public: bool __cdecl 
v8::Function::Experimental_IsNopFunction(void)const __ptr64+2790
 5: 00007FF76E695110 protected: __cdecl 
v8::internal::StrongRootAllocatorBase::StrongRootAllocatorBase(class 
v8::Isolate * __ptr64) __ptr64+31392
 6: 00007FF76E6921AA protected: __cdecl 
v8::internal::StrongRootAllocatorBase::StrongRootAllocatorBase(class 
v8::Isolate * __ptr64) __ptr64+19258
 7: 00007FF76E6A7A41 public: class v8::HeapProfiler * __ptr64 __cdecl 
v8::Isolate::GetHeapProfiler(void) __ptr64+7825
 8: 00007FF76E6A82BA public: class v8::HeapProfiler * __ptr64 __cdecl 
v8::Isolate::GetHeapProfiler(void) __ptr64+9994
 9: 00007FF76E6B331D public: class v8::HeapProfiler * __ptr64 __cdecl 
v8::Isolate::GetHeapProfiler(void) __ptr64+55149
10: 00007FF76E6C2F92 public: class v8::HeapProfiler * __ptr64 __cdecl 
v8::Isolate::GetHeapProfiler(void) __ptr64+119778
11: 00007FF76E6C7F78 public: class v8::HeapProfiler * __ptr64 __cdecl 
v8::Isolate::GetHeapProfiler(void) __ptr64+140232
12: 00007FF76E6B2E8B public: class v8::HeapProfiler * __ptr64 __cdecl 
v8::Isolate::GetHeapProfiler(void) __ptr64+53979
13: 00007FF76E6BEC77 public: class v8::HeapProfiler * __ptr64 __cdecl 
v8::Isolate::GetHeapProfiler(void) __ptr64+102599
14: 00007FF76E855B65 public: static class v8::MaybeLocal<class v8::String> 
__cdecl v8::String::NewFromUtf8(class v8::Isolate * __ptr64,char const * 
__ptr64,enum v8::NewStringType,int)+165
15: 00007FF76DB6B53B public: static class v8::CTypeInfo __cdecl 
v8::CTypeInfoBuilder<__int64>::Build(void)+21979
16: 00007FF76DD01508 void __cdecl node::OnFatalError(char const * __ptr64,char 
const * __ptr64)+165576
17: 00007FF70E84FBC7 
